// Jest Snapshot v1, https://goo.gl/fbAQLP

exports[`react router react router 3 1`] = `ReactWrapper {}`;
