// Jest Snapshot v1, https://goo.gl/fbAQLP

exports[`Mentions rtl render component should be rendered correctly in RTL direction 1`] = `
LoadedCheerio {
  "0": <div
    class="dcloud-mentions dcloud-mentions-rtl"
  >
    <textarea
      class="rc-textarea"
      rows="1"
    />
  </div>,
  "_root": LoadedCheerio {
    "0": Document {
      "children": Array [
        <html>
          <head />
          <body />
        </html>,
      ],
      "endIndex": null,
      "next": null,
      "parent": null,
      "prev": null,
      "startIndex": null,
      "type": "root",
      "x-mode": "quirks",
    },
    "_root": [Circular],
    "length": 1,
    "options": Object {
      "decodeEntities": true,
      "xml": false,
    },
  },
  "length": 1,
  "options": Object {
    "decodeEntities": true,
    "xml": false,
  },
}
`;
